**********************************************
Running with Inputs:

OpticalMaps: map100.opt
SilicoMap: contig14.silico
Circular: 0
LocalAlignment: 0
noReverse: 0
oneToOneMatch: 0
useBoundaries: 0
sdMin: 4
sdMax: 4
pThreshold: 0.05
outputPrefix: contig14_noBoundary
C_r_contig: 3
C_r_optical: 5
maxMatchesPerContig: 1
maxMissRateContig: 0.5
minSiteHits: 5
numPermutationTrials: 0
numThreads: 1
**********************************************
Read map: opmap1 500 17288174. 47336 13162 6460 29645 49519 52614 15407 11667 63067 16292 40041 33760 49438 16532 51350 16805 38686 26172 2265 54810 52364 22305 55566 49600 5715 39907 4985 50126 17285 21836 59863 12031 58478 4222 25355 41746 44815 14286 9767 49785 36484 12768 2618 21771 13547 53474 64726 49848 37605 65651 38684 20484 7639 26904 63337 58190 68708 55984 30429 49391 18683 36851 32446 3716 41005 55237 53406 2266 68803 62036 32992 26449 46207 26730 15405 43408 57335 24300 59488 25592 8339 8774 12556 43435 60708 50800 54535 52165 22426 9151 33586 20486 6107 53901 51846 39521 69545 15928 41717 40404 32480 64513 51190 12789 59808 63978 59519 56211 8877 31319 44409 55132 50794 43014 4167 38232 23436 39125 8890 14850 30343 798 3920 24399 9574 3107 25305 36798 57873 26098 53274 62436 40113 14935 1783 17094 38586 28153 3584 28628 48003 60298 18431 47093 21240 38911 62104 698 51465 51552 47674 39486 27248 65844 34667 68367 13352 41070 48437 69924 1155 37076 11950 62480 68319 15973 25738 48784 55334 34287 32298 17430 20872 33851 31377 57717 35391 6277 52020 36295 14966 55488 24649 11077 46203 38100 1873 40771 511 44082 60745 31774 59464 8490 23456 28374 5862 20131 13318 54424 35676 27399 37200 10063 39643 47170 53304 60431 22419 67674 64673 51181 25719 27248 26270 64355 67932 4843 16174 16543 43682 5116 47768 28501 38957 56482 17670 42046 12803 11031 48877 34491 36436 4545 52555 40066 19902 59331 30001 8900 15993 26332 37319 30320 5187 44679 58789 21223 38209 23896 21403 11342 23058 45310 9290 69727 12240 41368 37068 15548 34783 2538 44601 61603 10155 29455 23152 51388 58885 56679 29117 26659 56548 47867 25905 3411 7796 12823 27219 65226 51886 63431 4716 63339 26955 36997 48624 26720 2773 18130 60526 22697 65835 20139 57898 22498 24806 31143 20991 5400 1157 44010 55609 30568 55487 23522 61939 38838 12155 33094 38108 44406 61803 25940 61961 2930 9527 61917 16031 3818 68130 62326 31949 68613 5007 16826 22065 4853 64067 8911 14489 8361 8243 11605 39527 65421 63212 44225 36194 20172 43280 29098 38073 52131 50163 13698 51616 42243 22297 46658 49202 28674 44608 63319 13846 54329 46010 35360 67884 29522 53699 21163 43545 58168 42189 10799 42338 6545 49419 1728 18896 14327 34239 41358 8911 53423 58125 20679 68437 64262 29448 28817 16407 65700 42084 53852 53459 31937 42049 42113 57117 10744 10305 10848 53170 17235 5945 39091 60397 68958 51289 30067 58427 34806 38857 55342 18889 52916 25414 8522 3954 47410 57577 36776 29231 58943 7357 40160 36527 57050 34058 23219 14998 38420 43926 61023 2446 55375 13837 65076 29743 55677 12399 7215 66867 49852 15094 4003 9968 54031 68151 65003 27848 49626 47487 11951 18193 8099 8578 5363 62623 11982 3635 60400 41138 69054 63253 36386 30190 17901 2163 32370 60279 6670 55875 12940 39576 53962 67407 38563 19383 24853 17804 39843 24229 40085 6542 52296 34846 64793 38176 26595 21879 15365 58945 25185 36887 18626 22295 11188 6527 60088 30086 33634 57820 10777 48566 30721 19535 66181 
Read map: contig-14 16 509903. 687 43812 24845 43854 56024 43477 22836 20574 18124 25034 8628 60610 66156 5775 27073 42394 
Read contig map: contig-14 16 509903. 687 43812 24845 43854 56024 43477 22836 20574 18124 25034 8628 60610 66156 5775 27073 42394 
After reversing frags: contig-14 16 509903. 42394 27073 5775 66156 60610 8628 25034 18124 20574 22836 43477 56024 43854 24845 43812 687 
Created ContigMap: contig-14 frags: 687 43812 24845 43854 56024 43477 22836 20574 18124 25034 8628 60610 66156 5775 27073 42394 
Created ContigMap: contig-14.r frags: 42394 27073 5775 66156 60610 8628 25034 18124 20574 22836 43477 56024 43854 24845 43812 687 
Aligning contig 0 of 1
Making match for index: ( 16,213 ) score: -54.2143



Building match for: contig-14 opmap1  forward: 1 end_index: 16 , 213
Contig Frags: 687 43812 24845 43854 56024 43477 22836 20574 18124 25034 8628 60610 66156 5775 27073 42394 
Contig: (0,4) = (0,113198=113198)
Optical: (201,205) = (6911048,7025353=114305)
Built Chunk:
	contig = (0,4): 687 + 43812 + 24845 + 43854  = 113198
	optical = (201,205)27399 + 37200 + 10063 + 39643  = 114305
Contig: (4,6) = (113198,212699=99501)
Optical: (205,207) = (7025353,7125827=100474)
Built Chunk:
	contig = (4,6): 56024 + 43477  = 99501
	optical = (205,207)47170 + 53304  = 100474
Contig: (6,9) = (212699,274233=61534)
Optical: (207,208) = (7125827,7186258=60431)
Built Chunk:
	contig = (6,9): 22836 + 20574 + 18124  = 61534
	optical = (207,208)60431  = 60431
Contig: (9,10) = (274233,299267=25034)
Optical: (208,209) = (7186258,7208677=22419)
Built Chunk:
	contig = (9,10): 25034  = 25034
	optical = (208,209)22419  = 22419
Contig: (10,12) = (299267,368505=69238)
Optical: (209,210) = (7208677,7276351=67674)
Built Chunk:
	contig = (10,12): 8628 + 60610  = 69238
	optical = (209,210)67674  = 67674
Contig: (12,13) = (368505,434661=66156)
Optical: (210,211) = (7276351,7341024=64673)
Built Chunk:
	contig = (12,13): 66156  = 66156
	optical = (210,211)64673  = 64673
Contig: (13,16) = (434661,509903=75242)
Optical: (211,213) = (7341024,7417924=76900)
Built Chunk:
	contig = (13,16): 5775 + 27073 + 42394  = 75242
	optical = (211,213)51181 + 25719  = 76900
FILTER: MatchResult=contig-14 opmap1 509903 1 201 212 0 15 14 
FailChi2: 0 FailLengthRatio: 0 FailContigMissRate: 1 FailContigHitsCheck: 0 opticalAlignedBases: 506876; contigAlignedBases: 509903; 



Making match for index: ( 16,359 ) score: -59.304



Building match for: contig-14 opmap1  forward: 1 end_index: 16 , 359
Contig Frags: 687 43812 24845 43854 56024 43477 22836 20574 18124 25034 8628 60610 66156 5775 27073 42394 
Contig: (0,1) = (0,687=687)
Optical: (347,347) = (11845139,11845139=0)
Built Chunk:
	contig = (0,1): 687  = 687
	optical = (347,347) = 0
Contig: (1,2) = (687,44499=43812)
Optical: (347,348) = (11845139,11887382=42243)
Built Chunk:
	contig = (1,2): 43812  = 43812
	optical = (347,348)42243  = 42243
Contig: (2,3) = (44499,69344=24845)
Optical: (348,349) = (11887382,11909679=22297)
Built Chunk:
	contig = (2,3): 24845  = 24845
	optical = (348,349)22297  = 22297
Contig: (3,4) = (69344,113198=43854)
Optical: (349,350) = (11909679,11956337=46658)
Built Chunk:
	contig = (3,4): 43854  = 43854
	optical = (349,350)46658  = 46658
Contig: (4,7) = (113198,235535=122337)
Optical: (350,353) = (11956337,12078821=122484)
Built Chunk:
	contig = (4,7): 56024 + 43477 + 22836  = 122337
	optical = (350,353)49202 + 28674 + 44608  = 122484
Contig: (7,11) = (235535,307895=72360)
Optical: (353,355) = (12078821,12155986=77165)
Built Chunk:
	contig = (7,11): 20574 + 18124 + 25034 + 8628  = 72360
	optical = (353,355)63319 + 13846  = 77165
Contig: (11,14) = (307895,440436=132541)
Optical: (355,358) = (12155986,12291685=135699)
Built Chunk:
	contig = (11,14): 60610 + 66156 + 5775  = 132541
	optical = (355,358)54329 + 46010 + 35360  = 135699
Contig: (14,16) = (440436,509903=69467)
Optical: (358,359) = (12291685,12359569=67884)
Built Chunk:
	contig = (14,16): 27073 + 42394  = 69467
	optical = (358,359)67884  = 67884
FILTER: MatchResult=contig-14 opmap1 509903 1 347 358 0 15 13 
FailChi2: 0 FailLengthRatio: 0 FailContigMissRate: 1 FailContigHitsCheck: 0 opticalAlignedBases: 514430; contigAlignedBases: 509216; 



Making match for index: ( 16,389 ) score: -60.2375



Building match for: contig-14 opmap1  forward: 1 end_index: 16 , 389
Contig Frags: 687 43812 24845 43854 56024 43477 22836 20574 18124 25034 8628 60610 66156 5775 27073 42394 
Contig: (0,1) = (0,687=687)
Optical: (378,378) = (12968642,12968642=0)
Built Chunk:
	contig = (0,1): 687  = 687
	optical = (378,378) = 0
Contig: (1,3) = (687,69344=68657)
Optical: (378,379) = (12968642,13037079=68437)
Built Chunk:
	contig = (1,3): 43812 + 24845  = 68657
	optical = (378,379)68437  = 68437
Contig: (3,5) = (69344,169222=99878)
Optical: (379,381) = (13037079,13130789=93710)
Built Chunk:
	contig = (3,5): 43854 + 56024  = 99878
	optical = (379,381)64262 + 29448  = 93710
Contig: (5,6) = (169222,212699=43477)
Optical: (381,383) = (13130789,13176013=45224)
Built Chunk:
	contig = (5,6): 43477  = 43477
	optical = (381,383)28817 + 16407  = 45224
Contig: (6,9) = (212699,274233=61534)
Optical: (383,384) = (13176013,13241713=65700)
Built Chunk:
	contig = (6,9): 22836 + 20574 + 18124  = 61534
	optical = (383,384)65700  = 65700
Contig: (9,13) = (274233,434661=160428)
Optical: (384,387) = (13241713,13391108=149395)
Built Chunk:
	contig = (9,13): 25034 + 8628 + 60610 + 66156  = 160428
	optical = (384,387)42084 + 53852 + 53459  = 149395
Contig: (13,15) = (434661,467509=32848)
Optical: (387,388) = (13391108,13423045=31937)
Built Chunk:
	contig = (13,15): 5775 + 27073  = 32848
	optical = (387,388)31937  = 31937
Contig: (15,16) = (467509,509903=42394)
Optical: (388,389) = (13423045,13465094=42049)
Built Chunk:
	contig = (15,16): 42394  = 42394
	optical = (388,389)42049  = 42049
FILTER: MatchResult=contig-14 opmap1 509903 1 378 388 0 15 12 
FailChi2: 0 FailLengthRatio: 0 FailContigMissRate: 1 FailContigHitsCheck: 0 opticalAlignedBases: 496452; contigAlignedBases: 509216; 



Making match for index: ( 16,60 ) score: -61.0275



Building match for: contig-14 opmap1  forward: 1 end_index: 16 , 60
Contig Frags: 687 43812 24845 43854 56024 43477 22836 20574 18124 25034 8628 60610 66156 5775 27073 42394 
Contig: (0,1) = (0,687=687)
Optical: (49,49) = (1567906,1567906=0)
Built Chunk:
	contig = (0,1): 687  = 687
	optical = (49,49) = 0
Contig: (1,3) = (687,69344=68657)
Optical: (49,50) = (1567906,1633557=65651)
Built Chunk:
	contig = (1,3): 43812 + 24845  = 68657
	optical = (49,50)65651  = 65651
Contig: (3,4) = (69344,113198=43854)
Optical: (50,51) = (1633557,1672241=38684)
Built Chunk:
	contig = (3,4): 43854  = 43854
	optical = (50,51)38684  = 38684
Contig: (4,5) = (113198,169222=56024)
Optical: (51,54) = (1672241,1727268=55027)
Built Chunk:
	contig = (4,5): 56024  = 56024
	optical = (51,54)20484 + 7639 + 26904  = 55027
Contig: (5,7) = (169222,235535=66313)
Optical: (54,55) = (1727268,1790605=63337)
Built Chunk:
	contig = (5,7): 43477 + 22836  = 66313
	optical = (54,55)63337  = 63337
Contig: (7,10) = (235535,299267=63732)
Optical: (55,56) = (1790605,1848795=58190)
Built Chunk:
	contig = (7,10): 20574 + 18124 + 25034  = 63732
	optical = (55,56)58190  = 58190
Contig: (10,12) = (299267,368505=69238)
Optical: (56,57) = (1848795,1917503=68708)
Built Chunk:
	contig = (10,12): 8628 + 60610  = 69238
	optical = (56,57)68708  = 68708
Contig: (12,16) = (368505,509903=141398)
Optical: (57,60) = (1917503,2053307=135804)
Built Chunk:
	contig = (12,16): 66156 + 5775 + 27073 + 42394  = 141398
	optical = (57,60)55984 + 30429 + 49391  = 135804
FILTER: MatchResult=contig-14 opmap1 509903 1 49 59 0 15 12 
FailChi2: 0 FailLengthRatio: 0 FailContigMissRate: 1 FailContigHitsCheck: 0 opticalAlignedBases: 485401; contigAlignedBases: 509216; 



Making match for index: ( 16,106 ) score: -62.4366



Building match for: contig-14 opmap1  forward: 1 end_index: 16 , 106
Contig Frags: 687 43812 24845 43854 56024 43477 22836 20574 18124 25034 8628 60610 66156 5775 27073 42394 
Contig: (0,1) = (0,687=687)
Optical: (95,95) = (3274477,3274477=0)
Built Chunk:
	contig = (0,1): 687  = 687
	optical = (95,95) = 0
Contig: (1,2) = (687,44499=43812)
Optical: (95,96) = (3274477,3313998=39521)
Built Chunk:
	contig = (1,2): 43812  = 43812
	optical = (95,96)39521  = 39521
Contig: (2,4) = (44499,113198=68699)
Optical: (96,97) = (3313998,3383543=69545)
Built Chunk:
	contig = (2,4): 24845 + 43854  = 68699
	optical = (96,97)69545  = 69545
Contig: (4,5) = (113198,169222=56024)
Optical: (97,99) = (3383543,3441188=57645)
Built Chunk:
	contig = (4,5): 56024  = 56024
	optical = (97,99)15928 + 41717  = 57645
Contig: (5,6) = (169222,212699=43477)
Optical: (99,100) = (3441188,3481592=40404)
Built Chunk:
	contig = (5,6): 43477  = 43477
	optical = (99,100)40404  = 40404
Contig: (6,11) = (212699,307895=95196)
Optical: (100,102) = (3481592,3578585=96993)
Built Chunk:
	contig = (6,11): 22836 + 20574 + 18124 + 25034 + 8628  = 95196
	optical = (100,102)32480 + 64513  = 96993
Contig: (11,14) = (307895,440436=132541)
Optical: (102,105) = (3578585,3702372=123787)
Built Chunk:
	contig = (11,14): 60610 + 66156 + 5775  = 132541
	optical = (102,105)51190 + 12789 + 59808  = 123787
Contig: (14,16) = (440436,509903=69467)
Optical: (105,106) = (3702372,3766350=63978)
Built Chunk:
	contig = (14,16): 27073 + 42394  = 69467
	optical = (105,106)63978  = 63978
FILTER: MatchResult=contig-14 opmap1 509903 1 95 105 0 15 12 
FailChi2: 0 FailLengthRatio: 0 FailContigMissRate: 1 FailContigHitsCheck: 0 opticalAlignedBases: 491873; contigAlignedBases: 509216; 



Making match for index: ( 16,353 ) score: -62.6701



Building match for: contig-14 opmap1  forward: 1 end_index: 16 , 353
Contig Frags: 687 43812 24845 43854 56024 43477 22836 20574 18124 25034 8628 60610 66156 5775 27073 42394 
Contig: (0,1) = (0,687=687)
Optical: (340,340) = (11567080,11567080=0)
Built Chunk:
	contig = (0,1): 687  = 687
	optical = (340,340) = 0
Contig: (1,2) = (687,44499=43812)
Optical: (340,341) = (11567080,11610360=43280)
Built Chunk:
	contig = (1,2): 43812  = 43812
	optical = (340,341)43280  = 43280
Contig: (2,4) = (44499,113198=68699)
Optical: (341,343) = (11610360,11677531=67171)
Built Chunk:
	contig = (2,4): 24845 + 43854  = 68699
	optical = (341,343)29098 + 38073  = 67171
Contig: (4,6) = (113198,212699=99501)
Optical: (343,345) = (11677531,11779825=102294)
Built Chunk:
	contig = (4,6): 56024 + 43477  = 99501
	optical = (343,345)52131 + 50163  = 102294
Contig: (6,9) = (212699,274233=61534)
Optical: (345,347) = (11779825,11845139=65314)
Built Chunk:
	contig = (6,9): 22836 + 20574 + 18124  = 61534
	optical = (345,347)13698 + 51616  = 65314
Contig: (9,14) = (274233,440436=166203)
Optical: (347,351) = (11845139,12005539=160400)
Built Chunk:
	contig = (9,14): 25034 + 8628 + 60610 + 66156 + 5775  = 166203
	optical = (347,351)42243 + 22297 + 46658 + 49202  = 160400
Contig: (14,15) = (440436,467509=27073)
Optical: (351,352) = (12005539,12034213=28674)
Built Chunk:
	contig = (14,15): 27073  = 27073
	optical = (351,352)28674  = 28674
Contig: (15,16) = (467509,509903=42394)
Optical: (352,353) = (12034213,12078821=44608)
Built Chunk:
	contig = (15,16): 42394  = 42394
	optical = (352,353)44608  = 44608
FILTER: MatchResult=contig-14 opmap1 509903 1 340 352 0 15 14 
FailChi2: 0 FailLengthRatio: 0 FailContigMissRate: 1 FailContigHitsCheck: 0 opticalAlignedBases: 511741; contigAlignedBases: 509216; 



Making match for index: ( 16,396 ) score: -62.8556



Building match for: contig-14 opmap1  forward: 1 end_index: 16 , 396
Contig Frags: 687 43812 24845 43854 56024 43477 22836 20574 18124 25034 8628 60610 66156 5775 27073 42394 
Contig: (0,1) = (0,687=687)
Optical: (383,383) = (13176013,13176013=0)
Built Chunk:
	contig = (0,1): 687  = 687
	optical = (383,383) = 0
Contig: (1,3) = (687,69344=68657)
Optical: (383,384) = (13176013,13241713=65700)
Built Chunk:
	contig = (1,3): 43812 + 24845  = 68657
	optical = (383,384)65700  = 65700
Contig: (3,4) = (69344,113198=43854)
Optical: (384,385) = (13241713,13283797=42084)
Built Chunk:
	contig = (3,4): 43854  = 43854
	optical = (384,385)42084  = 42084
Contig: (4,5) = (113198,169222=56024)
Optical: (385,386) = (13283797,13337649=53852)
Built Chunk:
	contig = (4,5): 56024  = 56024
	optical = (385,386)53852  = 53852
Contig: (5,8) = (169222,256109=86887)
Optical: (386,388) = (13337649,13423045=85396)
Built Chunk:
	contig = (5,8): 43477 + 22836 + 20574  = 86887
	optical = (386,388)53459 + 31937  = 85396
Contig: (8,10) = (256109,299267=43158)
Optical: (388,389) = (13423045,13465094=42049)
Built Chunk:
	contig = (8,10): 18124 + 25034  = 43158
	optical = (388,389)42049  = 42049
Contig: (10,13) = (299267,434661=135394)
Optical: (389,394) = (13465094,13596221=131127)
Built Chunk:
	contig = (10,13): 8628 + 60610 + 66156  = 135394
	optical = (389,394)42113 + 57117 + 10744 + 10305 + 10848  = 131127
Contig: (13,16) = (434661,509903=75242)
Optical: (394,396) = (13596221,13666626=70405)
Built Chunk:
	contig = (13,16): 5775 + 27073 + 42394  = 75242
	optical = (394,396)53170 + 17235  = 70405
FILTER: MatchResult=contig-14 opmap1 509903 1 383 395 0 15 14 
FailChi2: 0 FailLengthRatio: 0 FailContigMissRate: 1 FailContigHitsCheck: 0 opticalAlignedBases: 490613; contigAlignedBases: 509216; 



Making match for index: ( 16,57 ) score: -62.9029



Building match for: contig-14 opmap1  forward: 1 end_index: 16 , 57
Contig Frags: 687 43812 24845 43854 56024 43477 22836 20574 18124 25034 8628 60610 66156 5775 27073 42394 
Contig: (0,4) = (0,113198=113198)
Optical: (46,48) = (1415727,1530301=114574)
Built Chunk:
	contig = (0,4): 687 + 43812 + 24845 + 43854  = 113198
	optical = (46,48)64726 + 49848  = 114574
Contig: (4,6) = (113198,212699=99501)
Optical: (48,50) = (1530301,1633557=103256)
Built Chunk:
	contig = (4,6): 56024 + 43477  = 99501
	optical = (48,50)37605 + 65651  = 103256
Contig: (6,8) = (212699,256109=43410)
Optical: (50,51) = (1633557,1672241=38684)
Built Chunk:
	contig = (6,8): 22836 + 20574  = 43410
	optical = (50,51)38684  = 38684
Contig: (8,9) = (256109,274233=18124)
Optical: (51,52) = (1672241,1692725=20484)
Built Chunk:
	contig = (8,9): 18124  = 18124
	optical = (51,52)20484  = 20484
Contig: (9,11) = (274233,307895=33662)
Optical: (52,54) = (1692725,1727268=34543)
Built Chunk:
	contig = (9,11): 25034 + 8628  = 33662
	optical = (52,54)7639 + 26904  = 34543
Contig: (11,13) = (307895,434661=126766)
Optical: (54,56) = (1727268,1848795=121527)
Built Chunk:
	contig = (11,13): 60610 + 66156  = 126766
	optical = (54,56)63337 + 58190  = 121527
Contig: (13,16) = (434661,509903=75242)
Optical: (56,57) = (1848795,1917503=68708)
Built Chunk:
	contig = (13,16): 5775 + 27073 + 42394  = 75242
	optical = (56,57)68708  = 68708
FILTER: MatchResult=contig-14 opmap1 509903 1 46 56 0 15 13 
FailChi2: 0 FailLengthRatio: 0 FailContigMissRate: 1 FailContigHitsCheck: 0 opticalAlignedBases: 501776; contigAlignedBases: 509903; 



Making match for index: ( 16,96 ) score: -63.105



Building match for: contig-14 opmap1  forward: 1 end_index: 16 , 96
Contig Frags: 687 43812 24845 43854 56024 43477 22836 20574 18124 25034 8628 60610 66156 5775 27073 42394 
Contig: (0,1) = (0,687=687)
Optical: (83,83) = (2815331,2815331=0)
Built Chunk:
	contig = (0,1): 687  = 687
	optical = (83,83) = 0
Contig: (1,2) = (687,44499=43812)
Optical: (83,84) = (2815331,2858766=43435)
Built Chunk:
	contig = (1,2): 43812  = 43812
	optical = (83,84)43435  = 43435
Contig: (2,4) = (44499,113198=68699)
Optical: (84,85) = (2858766,2919474=60708)
Built Chunk:
	contig = (2,4): 24845 + 43854  = 68699
	optical = (84,85)60708  = 60708
Contig: (4,5) = (113198,169222=56024)
Optical: (85,86) = (2919474,2970274=50800)
Built Chunk:
	contig = (4,5): 56024  = 56024
	optical = (85,86)50800  = 50800
Contig: (5,9) = (169222,274233=105011)
Optical: (86,88) = (2970274,3076974=106700)
Built Chunk:
	contig = (5,9): 43477 + 22836 + 20574 + 18124  = 105011
	optical = (86,88)54535 + 52165  = 106700
Contig: (9,10) = (274233,299267=25034)
Optical: (88,89) = (3076974,3099400=22426)
Built Chunk:
	contig = (9,10): 25034  = 25034
	optical = (88,89)22426  = 22426
Contig: (10,11) = (299267,307895=8628)
Optical: (89,90) = (3099400,3108551=9151)
Built Chunk:
	contig = (10,11): 8628  = 8628
	optical = (89,90)9151  = 9151
Contig: (11,12) = (307895,368505=60610)
Optical: (90,93) = (3108551,3168730=60179)
Built Chunk:
	contig = (11,12): 60610  = 60610
	optical = (90,93)33586 + 20486 + 6107  = 60179
Contig: (12,15) = (368505,467509=99004)
Optical: (93,95) = (3168730,3274477=105747)
Built Chunk:
	contig = (12,15): 66156 + 5775 + 27073  = 99004
	optical = (93,95)53901 + 51846  = 105747
Contig: (15,16) = (467509,509903=42394)
Optical: (95,96) = (3274477,3313998=39521)
Built Chunk:
	contig = (15,16): 42394  = 42394
	optical = (95,96)39521  = 39521
FILTER: MatchResult=contig-14 opmap1 509903 1 83 95 0 15 10 
FailChi2: 0 FailLengthRatio: 0 FailContigMissRate: 0 FailContigHitsCheck: 0 opticalAlignedBases: 498667; contigAlignedBases: 509216; 



Accepted Match!
Making match for index: ( 16,110 ) score: -55.1153



Building match for: contig-14.r opmap1  forward: 0 end_index: 16 , 110
Contig Frags: 42394 27073 5775 66156 60610 8628 25034 18124 20574 22836 43477 56024 43854 24845 43812 687 
Contig: (0,1) = (0,42394=42394)
Optical: (99,100) = (3441188,3481592=40404)
Built Chunk:
	contig = (0,1): 42394  = 42394
	optical = (99,100)40404  = 40404
Contig: (1,3) = (42394,75242=32848)
Optical: (100,101) = (3481592,3514072=32480)
Built Chunk:
	contig = (1,3): 27073 + 5775  = 32848
	optical = (100,101)32480  = 32480
Contig: (3,4) = (75242,141398=66156)
Optical: (101,102) = (3514072,3578585=64513)
Built Chunk:
	contig = (3,4): 66156  = 66156
	optical = (101,102)64513  = 64513
Contig: (4,6) = (141398,210636=69238)
Optical: (102,104) = (3578585,3642564=63979)
Built Chunk:
	contig = (4,6): 60610 + 8628  = 69238
	optical = (102,104)51190 + 12789  = 63979
Contig: (6,9) = (210636,274368=63732)
Optical: (104,105) = (3642564,3702372=59808)
Built Chunk:
	contig = (6,9): 25034 + 18124 + 20574  = 63732
	optical = (104,105)59808  = 59808
Contig: (9,11) = (274368,340681=66313)
Optical: (105,106) = (3702372,3766350=63978)
Built Chunk:
	contig = (9,11): 22836 + 43477  = 66313
	optical = (105,106)63978  = 63978
Contig: (11,14) = (340681,465404=124723)
Optical: (106,108) = (3766350,3882080=115730)
Built Chunk:
	contig = (11,14): 56024 + 43854 + 24845  = 124723
	optical = (106,108)59519 + 56211  = 115730
Contig: (14,15) = (465404,509216=43812)
Optical: (108,110) = (3882080,3922276=40196)
Built Chunk:
	contig = (14,15): 43812  = 43812
	optical = (108,110)8877 + 31319  = 40196
Contig: (15,16) = (509216,509903=687)
Optical: (110,110) = (3922276,3922276=0)
Built Chunk:
	contig = (15,16): 687  = 687
	optical = (110,110) = 0
FILTER: MatchResult=contig-14 opmap1 509903 0 99 109 0 15 10 
FailChi2: 0 FailLengthRatio: 0 FailContigMissRate: 0 FailContigHitsCheck: 0 opticalAlignedBases: 481088; contigAlignedBases: 509216; 



Accepted Match!
Done Aligning Contigs
Writing alignments to file...
